[    0.000000] nializing crop bsys cpuset
[    0.000000] Initilizig cgroup subys cpu
[   0.0000] Initalizngcgoupsuys cpuact
[   .0000 Linuxveion 4.022-genic(buildd@lgw01-41) (cc version 53. 206013(Ubuntu 5.3.1-14ubuntu2) ) #40-bunu P Thu May122:03:46 UC 2016 Ubtu 4.0-22.0-geerc .48)
[   000000]Commad ine:BOOT_IMGE=/bt/vmlinuz4..02-genric rot=LABELcludim-rots roonle=tty console=ty0
[  0.00000] RNE suppored cpus:
[    0.000000]   IntelGeuineIntel
[    0.000000]  AD utenicMD
[    00000]   Centaur CentaurHauls
[    000000 x86/u: xstate_offset[2:  576, xtae_izes[2]  25
[   0.000000]x86/fpu: Supporting XSVE fate 0x1: x8 floatngpointregiters'
[    0.000000 x86/fp Spportin XVE fate x02: 'SE rgiters'
[   000000] 86fp: Suppoting XSA featu 0x04 'AVX registers'
[   0.000000] x86/fpu: Enabled xstate features 0x7, context size is 832 bytes, usng 'standard' fomat.[   0.00000] x86/fpu: Using 'lazy' FPU context swiches.
[    0.000000] e820 BOSproidd physical RAM map:
[    0.000000] BIOS-e820: [mem 0x0000000000000000-0x000000000009fbff] usable
[    0.000000] BIOS-e820: [mem 0x000000000009fc00-0x000000000009ffff] reserved
[    0.000000] BOS-e820: [mem 0x00000000000f0000-0x00000000000fffff] reserved
[    0.000000] BIOS-e820: [mem 0x0000000000100000-0x000000003ffeffff] usable
[    0.000000] BIOS-e820: [mem 0x000000003fff0000-0x000000003fffffff] ACPI data
[    0.000000] BIOS-e820: [mem 0x00000000fffc0000-0x00000000ffffffff] reserved
[    0.000000] NX (Execute Disale) protection: active
[    0.000000] SMBIOS 2.5 present.
[    0.000000] yprvisor detected: KVM
[    0.00000] e820: last_pfn = 0x3fff0 max_arch_pfn = 0x400000000
[    0.0000] x86/PAT: Configuration [-7] WB  WC  UC- UC  WB  W  UC- T  
[    0.000000] MTRR: Disabled
[    0.000000] CPU MTRRs all blnk - virtuaized system.
[    0.000000] ound SP MP-tabl at [mm 0x000fff0-x0009ffff] mapped at [fff88000009fff0]
[    0.000000] Scanning 1 areas fr lo memorycorrutio
[    0.000000] RAMDISK: [mem 0x371b0000-0x378cffff]
[    0.00000] AI: Earlytale checsuverification disabled
[   0.0000] ACPI: RSDP 0x0000000000000 000024 (2 BOX  
[    0.00000] ACPI: XDT 0x00000000FF030 00003C (v01 VBOX   VBOXSDT000001 ASL  0000061
[    0.000000] ACPI: FACP 0x000000003FFF0 0000F4 (v04 VBOX   VBOFACP 00000001 ASL  000006)
[    0.000000] ACPI: DSDT 0x000000003FFF0470 002106 (v01VBOX   VBOXBIOS 00000002 ITL 201028)
[    0.000000] ACPI: FACS 0x000000003FFF0200 0004
[   .00000]  ACI: FACS 0000000003FFF0200 000040
[   0.000000] ACPI: APIC 0x000000003FFF0240 00005C (v02 VBOX   VBOXAIC 00000001ASL  0000006)[    0.000000] ACPI: SSDT 0x00000003FFF02A0 0001CC (v01 VBOX  VBOXCPUT 0000002 INTL 20100528)
[    0.000000] No NUMA configuration found
[    0.000000]akin a node at [m 0x000000000000000-0x000000003ffeff]
[    0.000000] NODE_DAA(0) allocated [mem0xffb000-0xfffff]
[    000000] kvmclck: Using mrs4b564d01 and 4b564d00
[    0.0000] kvm-loc: cpu 0, msr 0:ff7001,primary cpu clock
[    0.000000] kvm-lock: using sched offset of 32897175 cycles
[   0.000000] clcksourc: vm-clock: mask: 0xffffffffffffffff max_ycles: 0x1cd42e4dffb, max_idle_ns: 150591483 ns
[   0.000000Zone ranges:
[    0.000000]   DMA      [mem 0x0000000000001000-0x0000000000ffffff]
[    0.0000]  DM32  [mem 0x0000000001000000-0x000000003fffff][    000000]   Nomal   emty[    0.000000]   Dic   empty
[    0.000000] Movable zone start for each node
[    0.000000] Early memory no rages
[   0.00000]  nod   0: [mem 0x0000000000100-0x00000000009efff]
[    0.000000]   node   0: [mem 0x0000000000100000-0x000000003ffeffff]
[    0.000000] nitmem stup node 0 [mem 0x0000000000010-0x000000003ffeffff]
[    0.000000] ACPI: PM-Timer IO Prt0x4008
[    0.000000] IOAPIC[0]: apic_id 2, version 17, address 0xfec0000, GSI 0-23
[    0.000000] ACPI: INT_SRC_OVR (bus 0 bus_irq 0 global_irq 2 dfl dfl)
[    0.000000] ACPI: INT_SRC_OVR (bus 0 bus_irq 9 global_irq 9 high level)
[    0.000000] Using ACPI (MAD) for SMP cofiguration information
[    0.000000] smpboot: Allowig 2 CPUs, 0 hotplug CPUs
[    0.00000PM: Registered nosave memory: [mem0x0000000-0x00000fff]
[    0.000000] PM: Regisered nosavememory: [mem 0x0009ff000-0x0009ffff
[   0.000000 PM: Regiserednoave memor [em0x000a00000x00efff][   0.00000 P Registered ose memoy:mem x00f0000-0x00fffff]
    0.00000 e820: me 0400000-0ffbfff] availble fr CIdevices
  0.000000] Bootig arirtualzedkernel n KVM
[  000000] clocsorc: rein-jffies: msk 0xffffffff max_cycles: 0xffffffff, max_idle_ns: 76455196002158 ns
[   .00000] seuppercpu: NR_CPUS:256 r_puask_bits:25 nr_cpu_ids:2 n_nde_id:1
[   0.0000] ERU: Embeed33 pge/cpu @ffff8003fc0000 s900 r8192 d896 u04856
[   000000] P qpilok hah bl entrie: 6 ordr:0, 4096 bytes
[    0.0000 Bilt 1 zonelis iNodeorr, mobiit grouping on.  Total pages:25713[    0.0000]olicy zone: D32
[    0.00000 Krnel comman line: BOOT_IMAE=oot/vinz-4.4.0-22-genric rot=ABL=cludig-ootf r cnsol=ttyconsle=tyS
   0.00000 PIDhah ab etries 46 orde: , 2768 te)
[  0.00000] Mmor: 005348/14820K avaiab (359K rnelcode, 1278 rat, 390K rodata,140K init, 1292K bs,2772K esered,0K ma-reservd)
[  0.0000 SUB HWalign=4,Orer-3, MinObject=0, CPU=2,Nos=1
[   00000] Hiearhil RCU impemnttion.    0.00000] 	Buid-im adjustment of leaf fanutto64.
[    0.000000] 	RCU restricting CPUs from NR_CPUS=256 to nr_cpu_ids=2.
[    0.000000] RCU: Adjusting geometry forc_fanoutle=6, n_cpids=2
  0.00000] NR_IS:1640 nirs:40 1
[    0.0000 Conlecolour VG+ 8025
[   0.000000] console [tty1] enabled
[     0.000000] console [ttyS0] enabled
[    0.00000tsc: Detected 2294.688 MHz processor
[   12.309582] Calibrating delay loop (skipped) preset value.. 4589.37 BogoMIPS (lpj=9178752)
[   12.320372] pid_max: default: 32768 minimum: 301
[   12.321212] ACPI: Core revision 20150930
[   12.337102] ACPI: 2 ACPI AML tables successfully acquired and loaded
[   12.344012] Security Framework initialized
[   12.378007] Yama: becoming mindful.
[   12.407229] AppArmor: AppArmor initialized
[   12.432002] Dentry cache hash table entries: 131072 (order: 8, 1048576 bytes)
[   12.490799] Inode-cache hash table entries: 65536 (order: 7, 524288 bytes)
[   12.582922] Mount-cache hash table entries: 2048 (order: 2, 16384 bytes)
[   12.619614] Mountpoint-cache hash table entries: 2048 (order: 2, 16384 bytes)
[   12.620917] Initializing cgroup subsys io
[   12.630066] Initializing cgroup subsys memory
[   12.654558] Initializing cgroup subsys devices
[   12.685872] Initializing cgroup subsys freezer
[   12.718150] Initializing cgroup subsys net_cls
[   12.747041] Initializing cgroup subsys perf_event
[   12.797785] Initializing cgroup subsys net_prio
[   12.850727] Initializing cgroup subsys hugetlb
[   12.897800] Initializing cgroup subsys pids
[   12.942100] CPU: Physical Processor ID: 0
[   12.974116] CPU: Processor Core ID: 0
[   12.991757] mce: CPU supports 0 MCE banks
[   13.009756] Last level iTLB entries: 4KB 1024, 2MB 1024, 4MB 1024
[   13.010786] Last level dTLB entries: 4KB 1024, 2MB 1024, 4MB 1024, 1GB 4
[   13.072331] Freeing SMP alternatives memory: 28K (ffffffff820b3000 - ffffffff820ba000)
[   13.179980] ftrace: allocating 31906 entries in 125 pages
[   13.248323] smpboot: Max logical packages: 1
[   13.295449] smpboot: APIC(0) Converting physical 0 to logical package 0
[   13.356005] ..TIMER: vector=0x30 apic1=0 pin1=2 apic2=-1 pin2=-1
[   13.525561] smpboot: CPU0: Intel(R) Core(TM) i7-4850HQ CPU @ 2.30GHz (family: 0x6, model: 0x46, stepping: 0x1)
[   13.615643] Performance Events: unsupported p6 CPU model 70 no PMU driver, software events only.
[   13.701442] KVM setup paravirtual spinlock
[   13.746859] x86: Booting SMP configuration:
[   13.794410] .... node  #0, CPUs:      #1
[   13.837988] kvm-clock: cpu 1, msr 0:3ffe7041, secondary cpu clock
[   13.875655] mce: CPU supports 0 MCE banks
[   13.899839] x86: Booted up 1 node, 2 CPUs
[   13.915640] smpboot: Total of 2 processors activated (9178.75 BogoMIPS)
[   13.961523] devtmpfs: initialized
[   13.984081] evm: security.selinux
[   13.994396] evm: security.SMACK64
[   14.017536] evm: security.SMACK64EXEC
[   14.034538] evm: security.SMACK64TRANSMUTE
[   14.056402] evm: security.SMACK64MMAP
[   14.073186] evm: security.ima
[   14.079167] evm: security.capability
[   14.107663] clocksource: jiffies: mask: 0xffffffff max_cycles: 0xffffffff, max_idle_ns: 7645041785100000 ns
[   14.157013] pinctrl core: initialized pinctrl subsystem
[   14.199736] RTC time: 16:20:50, date: 06/28/16
[   14.216977] NET: Registered protocol family 16
[   14.250173] cpuidle: using governor ladder
[   14.302147] cpuidle: using governor menu
[   14.322823] PCCT header not found.
[   14.335176] ACPI: bus type PCI registered
[   14.340783] acpiphp: ACPI Hot Plug PCI Controller Driver version: 0.5
[   14.341965] PCI: Using configuration type 1 for base access
[   14.375936] ACPI: Added _OSI(Module Device)
[   14.413740] ACPI: Added _OSI(Processor Device)
[   14.430404] ACPI: Added _OSI(3.0 _SCP Extensions)
[   14.458736] ACPI: Added _OSI(Processor Aggregator Device)
[   14.478102] ACPI: Executed 1 blocks of module-level executable AML code
[   14.517200] ACPI: Interpreter enabled
[   14.538200] ACPI Exception: AE_NOT_FOUND, While evaluating Sleep State [\_S1_] (20150930/hwxface-580)
[   14.547997] ACPI Exception: AE_NOT_FOUND, While evaluating Sleep State [\_S2_] (20150930/hwxface-580)
[   14.572583] ACPI Exception: AE_NOT_FOUND, While evaluating Sleep State [\_S3_] (20150930/hwxface-580)
[   14.625248] ACPI Exception: AE_NOT_FOUND, While evaluating Sleep State [\_S4_] (20150930/hwxface-580)
[   14.702490] ACPI: (supports S0 S5)
[   14.715808] ACPI: Using IOAPIC for interrupt routing
[   14.742710] PCI: Using host bridge windows from ACPI; if necessary, use "pci=nocrs" and report a bug
[   14.781454] ACPI: PCI Root Bridge [PCI0] (domain 0000 [bus 00-ff])
[   14.809689] acpi PNP0A03:00: _OSC: OS supports [ASPM ClockPM Segments MSI]
[   14.841159] acpi PNP0A03:00: _OSC failed (AE_NOT_FOUND); disabling ASPM
[   14.873333] acpi PNP0A03:00: fail to add MMCONFIG information, can't access extended PCI configuration space under this bridge.
[   14.944718] PCI host bridge to bus 0000:00
[   14.970526] pci_bus 0000:00: root bus resource [io  0x0000-0x0cf7 window]
[   15.004177] pci_bus 0000:00: root bus resource [io  0x0d00-0xffff window]
[   15.069524] pci_bus 0000:00: root bus resource [mem 0x000a0000-0x000bffff window]
[   15.093654] pci_bus 0000:00: root bus resource [mem 0x40000000-0xffdfffff window]
[   15.145620] pci_bus 0000:00: root bus resource [bus 00-ff]
[   15.184635] pci 0000:00:01.1: legacy IDE quirk: reg 0x10: [io  0x01f0-0x01f7]
[   15.223729] pci 0000:00:01.1: legacy IDE quirk: reg 0x14: [io  0x03f6]
[   15.269774] pci 0000:00:01.1: legacy IDE quirk: reg 0x18: [io  0x0170-0x0177]
[   15.303064] pci 0000:00:01.1: legacy IDE quirk: reg 0x1c: [io  0x0376]
[   15.375317] ACPI: PCI Interrupt Link [LNKA] (IRQs 5 9 10 11) *0, disabled.
[   15.409522] ACPI: PCI Interrupt Link [LNKB] (IRQs 5 9 10 *11)
[   15.456205] ACPI: PCI Interrupt Link [LNKC] (IRQs 5 9 *10 11)
[   15.487564] ACPI: PCI Interrupt Link [LNKD] (IRQs 5 *9 10 11)
[   15.528928] ACPI: Enabled 2 GPEs in block 00 to 07
[   15.553976] vgaarb: setting as boot device: PCI:0000:00:02.0
[   15.569838] vgaarb: device added: PCI:0000:00:02.0,decodes=io+mem,owns=io+mem,locks=none
[   15.609466] vgaarb: loaded
[   15.627193] vgaarb: bridge control possible 0000:00:02.0
[   15.667565] SCSI subsystem initialized
[   15.689312] ACPI: bus type USB registered
[   15.719527] usbcore: registered new interface driver usbfs
[   15.749645] usbcore: registered new interface driver hub
[   15.770860] usbcore: registered new device driver usb
[   15.805971] PCI: Using ACPI for IRQ routing
[   15.826302] NetLabel: Initializing
[   15.836811] NetLabel:  domain hash size = 128
[   15.845568] NetLabel:  protocols = UNLABELED CIPSOv4
[   15.863458] NetLabel:  unlabeled traffic allowed by default
[   15.874513] clocksource: Switched to clocksource kvm-clock
[   15.902277] Apprmr: AppArmor Filesystem Enabled
[   15.979016] pnp: PnP ACPI init
[   15.987177] pn: P APIfond devices

[  16.34890] cloksource: acpi_pm: mask: 0xffffff max_cycles:0xffffff, max_idle_ns: 2085701024 ns
[  16.489712] NET: Registered protocol family 2

[   16.531490] TCP estabshd as tble entries: 892orer4,55 bys)
[   1.0697]CPbid as tablenri: 92orr:, 3172bytes)[   17.724315] P:ash abesonfigre (tablhed 8192 bind 8192)[ 182472] UD hshtabe ntries: 512 (ordr:, 16384 bytes)
[   18.480612] UDP-Lite hash table entries: 512 (order: 2, 16384 bytes)
[ 18481739] ETRegiteed protocl amly
  182622] pc00:0:00: Lmiing dre PI/CItrnsfrs
[   141107] p 000:00:01.: tiatng ISA DM hag orrouds
[  1.8375]ryng tounck rootfs image s niams...
[   21.576880] Freeing initrd memory: 7296K (ffff8800371b0000 - ffff8800378d0000)
[   21.624532] latform rtc_cmos: rgistered platrmRT dic (o PNP dvicefod)
  22424]Scnnng fr owmemory corrupion ever 60econds

[   22.480070] futex hash table entries: 512 (order: 3, 32768 bytes)
[   22.492159] audit: initializing netlink subsys (disabled)
[   22.533195] audit: type=2000 audit(1467130848.776:1): initialized
[   22.570736] Initialise system trusted keyring
[   22.582579] HugeTLB registered 2 MB page size, pre-allocated 0 pages
[   22.608453] zbud: loaded
[   22.631717] VFS: Disk quotas dquot_6.6.0
[   22.634849] tsc: Refined TSC clocksource calibration: 2293.735 MHz
[   22.634852] clocksource: tsc: mask: 0xffffffffffffffff max_cycles: 0x211016e653c, max_idle_ns: 440795220426 ns
[   22.719548] VFS: Dquot-cache hash table entries: 512 (order 0, 4096 bytes)
[   22.727023] fuse init (API version 7.23)
[   22.736032] Key type big_key registered
[   22.761519] Allocating IMA MOK and blacklist keyrings.
[   22.778424] Key type asymmetric registered
[   22.787962] Asymmetric key parser 'x509' registered
[   22.809113] Block layer SCSI generic (bsg) driver version 0.4 loaded (major 249)
[   22.830157] io scheduler noop registered
[   22.842040] io scheduler deadline registered (default)
[   22.844942] io scheduler cfq registered
[   22.853808] pci_hotplug: PCI Hot Plug PCI Core version: 0.5
[   22.872532] pciehp: PCI Express Hot Plug Controller Driver version: 0.4
[   22.892371] ACPI: AC Adapter [AC] (on-line)
[   22.908488] input: Power Button as /devices/LNXSYSTM:00/LNXPWRBN:00/input/input0
[   22.920273] ACPI: Power Button [PWRF]
[   22.935191] input: Sleep Button as /devices/LNXSYSTM:00/LNXSLPBN:00/input/input1
[   22.960608] ACPI: Sleep Button [SLPF]
[   22.965505] ACPI: Battery Slot [BAT0] (battery present)
[   22.970780] GHES: HEST is not enabled!
[   22.998897] Serial: 8250/16550 driver, 32 ports, IRQ sharing enabled
[   23.032152] 00:02: ttyS0 at I/O 0x3f8 (irq = 4, base_baud = 115200) is a 16550A
[   23.070384] Linux agpgart interface v0.103
[   23.09323]rd mdule loaded

[   3.416] op mdue oaded
[   23.467881] cshot0: atapiix
[   23.633288] scsi host1: ata_piix
[   23.664481] ata1: PATA max UDMA/33 cmd 0x1f0 ctl 0x3f6 bmdma 0xd000 irq 14
[   23.716791] ata2: PATA max UDMA/33 cmd 0x170 ctl 0x376 bmdma 0xd008 irq 15
[   23.745215] libphy: Fixed MDIO Bus: probed
[   23.783539] tun: Universal TUN/TAP device driver, 1.6
[   23.815640] tun: (C) 1999-2004 Max Krasnyansky <maxk@qualcomm.com>
[   23.841897] PPP generic driver version 2.4.2
[   23.843913] ehci_hcd: USB 2.0 'Enhanced' Host Controller (EHCI) Driver
[   23.876459] ehci-pci: EHCI PCI platform driver
[   23.878654] ehci-platform: EHCI generic platform driver
[   23.888105] ohci_hcd: USB 1.1 'Open' Host Controller (OHCI) Driver
[   23.890532] ohci-pci: OHCI PCI platform driver
[   23.895394] ohci-platform: OHCI generic platform driver
[   23.900537] uhci_hcd: USB Universal Host Controller Interface driver
[   23.927088] i8042: PNP: PS/2 Controller [PNP0303:PS2K,PNP0f03:PS2M] at 0x60,0x64 irq 1,12
[   23.961182] serio: i8042 KBD port at 0x60,0x64 irq 1
[   23.987294] serio: i04 AUX port at 0x60,0x64 ir 1
[   24.109838] mousedev: PS/2 mouse device common for all mice
[   24.154253] rtc_cmos rtc_cmos: rtc core: registered rtc_cmos as rtc0
[   24.183761] input: AT Translated Set 2 keyboard as /devices/platform/i8042/serio0/input/input2
[   24.186674] rtc_cmos rtc_cmos: alarms up to one day, 114 bytes nvram
[   24.186692] i2c /dev entries driver
[   24.186776] device-mapper: uevent: version 1.0.3
[   24.186849] device-mapper: ioctl: 4.34.0-ioctl (2015-10-28) initialised: dm-devel@redhat.com
[   24.186865] ledtrig-cpu: registered to indicate activity on CPUs
[   24.187125] NET: Registered protocol family 10
[   24.205434] NET: Registered protocol family 17
[   24.205447] Key type dns_resolver registered
[   24.205595] microcode: CPU0 sig=0x40661, pf=0x40, revision=0x0
[   24.222820] microcode: CPU1 sig=0x40661, pf=0x40, revision=0x0
[   24.222903] microcode: Microcode Update Driver: v2.01 <tigran@aivazian.fsnet.co.uk>, Peter Oruba
[   24.223033] registered taskstats version 1
[   24.223050] Loading compiled-in X.509 certificates
[   24.223739] Loaded X.509 cert 'Build time autogenerated kernel key: 10281ca0c0463cd0680138fff55319c9bd7d63b8'
[   24.223760] zswap: loaded using pool lzo/zbud
[   24.225067] Key type trusted registered
[   24.227389] Key type encrypted registered
[   24.227396] AppArmor: AppArmor sha1 policy hashing enabled
[   24.227399] ima: No TPM chip found, activating TPM-bypass!
[   24.227419] evm: HMAC attrs: 0x1
[   24.227668]   Magic number: 4:74:339
[   24.235527] rtc_cmos rtc_cmos: setting system clock to 2016-06-28 16:21:00 UTC (1467130860)
[   24.235658] BIOS EDD facility v0.16 2004-Jun-25, 0 devices found
[   24.235658] EDD information not available.
[   24.734042] Freeing unused kernel memory: 1480K (ffffffff81f41000 - ffffffff820b3000)
[   26.195438] Write protecting the kernel read-only data: 14336k
[   26.264160] Freeing unused kernel memory: 1868K (ffff88000182d000 - ffff880001a00000)
[   26.300253] Freeing unused kernel memory: 176K (ffff880001dd4000 - ffff880001e00000)
Loading, please wait...
[   26.336642] random: systemd-udevd urandom read with 3 bits of entropy available
starting version 229
[   26.419245] e1000: Intel(R) PRO/1000 Network Driver - version 7.3.21-k8-NAPI
[   26.446868] e1000: Copyright (c) 1999-2006 Intel Corporation.
[   26.486496] Fusion MPT base driver 3.04.20
[   26.491487] Copyright (c) 1999-2008 LSI Corporation
[   26.530806] AVX version of gcm_enc/dec engaged.
[   26.567082] AES CTR mode by8 optimization enabled
[   26.606098] Fusion MPT SPI Host driver 3.04.20
[   26.684350] input: ImExPS/2 Generic Explorer Mouse as /devices/platform/i8042/serio1/input/input4
[   26.958365] e1000 0000:00:03.0 eth0: (PCI:33MHz:32-bit) 02:f9:5a:60:c5:89
[   27.000151] e1000 0000:00:03.0 eth0: Intel(R) PRO/1000 Network Connection
[   27.033601] e1000 0000:00:03.0 enp0s3: renamed from eth0
[   27.060914] mptbase: ioc0: Initiating bringup
[   27.171072] ioc0: LSI53C1030 A0: Capabilities={Initiator}
[   27.357313] scsi host2: ioc0: LSI53C1030 A0, FwRev=00000000h, Ports=1, MaxQ=256, IRQ=20
[   27.487341] scsi 2:0:0:0: Direct-Access     VBOX     HARDDISK         1.0  PQ: 0 ANSI: 5
[   27.521877] scsi target2:0:0: Beginning Domain Validation
[   27.531760] scsi target2:0:0: Domain Validation skipping write tests
[   27.595384] scsi target2:0:0: Ending Domain Validation
[   27.639426] scsi target2:0:0: asynchronous
[   27.657436] scsi 2:0:1:0: Direct-Access     VBOX     HARDDISK         1.0  PQ: 0 ANSI: 5
[   28.055577] scsi target2:0:1: Beginning Domain Validation
[   28.580829] scsi target2:0:1: Domain Validation skipping write tests
[   28.635513] scsi target2:0:1: Ending Domain Validation
[   28.668510] scsi target2:0:1: asynchronous
[   28.715672] sd 2:0:0:0: [sda] 20971520 512-byte logical blocks: (10.7 GB/10.0 GiB)
[   28.715746] sd 2:0:0:0: Attached scsi generic sg0 type 0
[   28.716172] sd 2:0:1:0: [sdb] 20480 512-byte logical blocks: (10.5 MB/10.0 MiB)
[   28.716306] sd 2:0:1:0: [sdb] Write Protect is off
[   28.716440] sd 2:0:1:0: [sdb] Incomplete mode parameter data
[   28.716441] sd 2:0:1:0: [sdb] Assuming drive cache: write through
[   28.716455] sd 2:0:1:0: Attached scsi generic sg1 type 0
[   28.719108] sd 2:0:1:0: [sdb] Attached SCSI disk
[   28.919082] sd 2:0:0:0: [sda] Write Protect is off
[   28.951381] sd 2:0:0:0: [sda] Incomplete mode parameter data
[   28.995216] sd 2:0:0:0: [sda] Assuming drive cache: write through
[   29.054200]  sda: sda1
[   29.510840] sd 2:0:0:0: [sda] Attached SCSI disk
[   29.599197] floppy0: no floppy controllers found
Begin: Loading e[   31.312201] md: linear personality registered for level -1
ssential drivers[   31.357024] md: multipath personality registered for level -4
 ... [   31.387730] md: raid0 personality registered for level 0
[   31.392993] md: raid1 personality registered for level 1
[   31.498682] raid6: sse2x1   gen()  5018 MB/s
[   31.578663] raid6: sse2x1   xor()  4082 MB/s
[   31.670593] raid6: sse2x2   gen()  8000 MB/s
[   31.758628] raid6: sse2x2   xor()  6553 MB/s
[   31.876428] raid6: sse2x4   gen() 12869 MB/s
[   31.963047] raid6: sse2x4   xor()  7785 MB/s
[   32.004330] raid6: using algorithm sse2x4 gen() 12869 MB/s
[   32.030339] raid6: .... xor() 7785 MB/s, rmw enabled
[   32.058154] raid6: using ssse3x2 recovery algorithm
[   32.101458] xor: automatically using best checksumming function:
[   32.194745]    avx       : 21095.000 MB/sec
[   32.226398] async_tx: api initialized (async)
[   32.252644] md: raid6 personality registered for level 6
[   32.303442] md: raid5 personality registered for level 5
[   32.338084] md: raid4 personality registered for level 4
[   32.374169] md: raid10 personality registered for level 10
done.
Begin: Running /scripts/init-premount ... done.
Begin: Mounting root file system ... Begin: Running /scr[   32.464416] Btrfs loaded
ipts/local-top ... done.
Begin: Running /scripts/local-premount ... Scanning for Btrfs filesyst[   32.541878] EXT4-fs (sda1): mounted filesystem with ordered data mode. Opts: (null)
ems
done.
Warning: fsck not present, so skipping root file system
done.
Begin: Running /scripts/local-bottom ... done.
Begin: Running /scripts/init-bottom ... Warning: overlayroot: debug is busted
done.
[   32.780683] systemd[1]: systemd 229 running in system mode. (+PAM +AUDIT +SELINUX +IMA +APPARMOR +SMACK +SYSVINIT +UTMP +LIBCRYPTSETUP +GCRYPT +GNUTLS +ACL +XZ -LZ4 +SECCOMP +BLKID +ELFUTILS +KMOD -IDN)
[   32.806286] systemd[1]: Detected virtualization oracle.
[   32.811074] systemd[1]: Detected architecture x86-64.

Welcome to [1mUbuntu 16.04 LTS[0m!

[   32.835450] systemd[1]: Set hostname to <ubuntu-xenial>.
[   33.016298] systemd[1]: Listening on /dev/initctl Compatibility Named Pipe.
[[0;32m  OK  [0m] Listening on /dev/initctl Compatibility Named Pipe.
[   33.095636] systemd[1]: Listening on Journal Audit Socket.
[[0;32m  OK  [0m] Listening on Journal Audit Socket.
[   33.135948] systemd[1]: Listening on Journal Socket (/dev/log).
[[0;32m  OK  [0m] Listening on Journal Socket (/dev/log).
[   33.174928] systemd[1]: Listening on udev Control Socket.
[[0;32m  OK  [0m] Listening on udev Control Socket.
[   33.222906] systemd[1]: Listening on Syslog Socket.
[[0;32m  OK  [0m] Listening on Syslog Socket.
[   33.266853] systemd[1]: Listening on LVM2 metadata daemon socket.
[[0;32m  OK  [0m] Listening on LVM2 metadata daemon socket.
[   33.326846] systemd[1]: Reached target Encrypted Volumes.
[[0;32m  OK  [0m] Reached target Encrypted Volumes.
[   33.378846] systemd[1]: Reached target User and Group Name Lookups.
[[0;32m  OK  [0m] Reached target User and Group Name Lookups.
[   33.411246] systemd[1]: Created slice System Slice.
[[0;32m  OK  [0m] Created slice System Slice.
[   33.459977] systemd[1]: Created slice system-serial\x2dgetty.slice.
[[0;32m  OK  [0m] Created slice system-serial\x2dgetty.slice.
[   33.503106] systemd[1]: Started Forward Password Requests to Wall Directory Watch.
[[0;32m  OK  [0m] Started Forward Password Requests to Wall Directory Watch.
[   33.555022] systemd[1]: Listening on Device-mapper event daemon FIFOs.
[[0;32m  OK  [0m] Listening on Device-mapper event daemon FIFOs.
[   33.627268] systemd[1]: Listening on udev Kernel Socket.
[[0;32m  OK  [0m] Listening on udev Kernel Socket.
[   33.703397] systemd[1]: Reached target Swap.
[[0;32m  OK  [0m] Reached target Swap.
[   33.768054] systemd[1]: Created slice system-getty.slice.
[[0;32m  OK  [0m] Created slice system-getty.slice.
[   33.802911] systemd[1]: Listening on LVM2 poll daemon socket.
[[0;32m  OK  [0m] Listening on LVM2 poll daemon socket.
[   33.871398] systemd[1]: Created slice User and Session Slice.
[[0;32m  OK  [0m] Created slice User and Session Slice.
[   33.922944] systemd[1]: Reached target Slices.
[[0;32m  OK  [0m] Reached target Slices.
[   33.940131] systemd[1]: Set up automount Arbitrary Executable File Formats File System Automount Point.
[[0;32m  OK  [0m] Set up automount Arbitrary Executab...ats File System Automount Point.
[   34.015142] systemd[1]: Listening on Journal Socket.
[[0;32m  OK  [0m] Listening on Journal Socket.
[   34.070751] systemd[1]: Starting Load Kernel Modules...
[   34.094846] Loading iSCSI transport class v2.0-870.
         Starting Load Kernel Mo[   35.255988] iscsi: registered transport (tcp)
dules...
[   35.292606] systemd[1]: Starting Monitoring of LVM2 mirrors, snapshots etc. using dmeventd or progress polling...
         Starting Monitoring of LVM2 mirrors... [   35.355660] iscsi: registered transport (iser)
dmeventd or progress polling...
[   35.402859] systemd[1]: Mounting Huge Pages File System...
         Mounting Huge Pages File System...
[   35.456330] systemd[1]: Starting Remount Root and Kernel File Systems...
[   35.460142] EXT4-fs (sda1): re-mounted. Opts: (null)
         Starting Remount Root and Kernel File Systems...
[   35.570814] systemd[1]: Starting Journal Service...
         Starting Journal Service...
[   35.618712] systemd[1]: Mounting Debug File System...
         Mounting Debug File System...
[   35.691000] systemd[1]: Starting Create list of required static device nodes for the current kernel...
[   35.691318] random: nonblocking pool is initialized
         Starting Create list of required st... nodes for the current kernel...
[   35.799139] systemd[1]: Starting Uncomplicated firewall...
         Starting Uncomplicated firewall...
[   35.866779] systemd[1]: Mounting POSIX Message Queue File System...
         Mounting POSIX Message Queue File System...
[   35.971224] systemd[1]: Starting Nameserver information manager...
         Starting Nameserver information manager...
[   36.064275] systemd[1]: Mounted POSIX Message Queue File System.
[[0;32m  OK  [0m] Mounted POSIX Message Queue File System.
[   36.139210] systemd[1]: Mounted Debug File System.
[[0;32m  OK  [0m] Mounted Debug File System.
[   36.183191] systemd[1]: Mounted Huge Pages File System.
[[0;32m  OK  [0m] Mounted Huge Pages File System.
[   36.239004] systemd[1]: Started Journal Service.
[[0;32m  OK  [0m] Started Journal Service.
[[0;32m  OK  [0m] Started Load Kernel Modules.
[[0;32m  OK  [0m] Started Remount Root and Kernel File Systems.
[[0;32m  OK  [0m] Started Create list of required sta...ce nodes for the current kernel.
[[0;32m  OK  [0m] Started Uncomplicated firewall.
[[0;32m  OK  [0m] Started Nameserver information manager.
[[0;32m  OK  [0m] Started LVM2 metadata daemon.
         Starting Create Static Device Nodes in /dev...
         Starting Load/Save Random Seed...
         Starting udev Coldplug all Devices...
         Mounting FUSE Control File System...
         Starting Apply Kernel Variables...
         Starting Flush Journal to Persistent Storage...
[[0;32m  OK  [0m] Mounted FUSE Control File System.
[[0;32m  OK  [0m] Started Create Static Device Nodes in /dev.
[[0;32m  OK  [0m] Started Load/Save Random Seed.
[[0;32m  OK  [0m] Started Apply Kernel Variables.
[[0;32m  OK  [0m] Started udev Coldplug all Devices.
[[0;32m  OK  [0m] Started Monitoring of LVM2 mirrors,...ng dmeventd or progress polling.
[[0;32m  OK  [0m] Started Flush Journal to Persistent Storage.
         Starting udev Kernel Device Manager...
[[0;32m  OK  [0m] Started udev Kernel Device Manager.
[[0;32m  OK  [0m] Started Dispatch Password Requests to Console Directory Watch.
[[0;32m  OK  [0m] Reached target Local File Systems (Pre).
[[0;32m  OK  [0m] Reached target Local File Systems.
         Starting Create Volatile Files and Directories...
         Starting Tell Plymouth To Write Out Runtime Data...
         Starting Set console keymap...
         Starting Initial cloud-init job (pre-networking)...
         Starting LSB: AppArmor initialization...
[[0;32m  OK  [0m] Started Create Volatile Files and Directories.
[[0;32m  OK  [0m] Started Tell Plymouth To Write Out Runtime Data.
[[0;32m  OK  [0m] Started Set console keymap.
[[0;32m  OK  [0m] Found device /dev/ttyS0.
[[0;32m  OK  [0m] Listening on Load/Save RF Kill Switch Status /dev/rfkill Watch.
         Starting Update UTMP about System Boot/Shutdown...
[[0;32m  OK  [0m] Reached target System Time Synchronized.
[[0;32m  OK  [0m] Started Update UTMP about System Boot/Shutdown.
[   23.543592] cloud-init[618]: Cloud-init v. 0.7.7 running 'init-local' at Tue, 28 Jun 2016 16:21:14 +0000. Up 23.14 seconds.
[[0;32m  OK  [0m] Started Initial cloud-init job (pre-networking).
[[0;32m  OK  [0m] Reached target Network (Pre).
[[0;32m  OK  [0m] Found device 82540EM Gigabit Ethern...r (PRO/1000 MT Desktop Adapter).
[[0m[0;31m*     [0m] A start job is running for LSB: App... initialization (11s / no limit)[K[[0;1;31m*[0m[0;31m*    [0m] A start job is running for LSB: App... initialization (12s / no limit)[K[[0;31m*[0;1;31m*[0m[0;31m*   [0m] A start job is running for LSB: App... initialization (12s / no limit)[K[ [0;31m*[0;1;31m*[0m[0;31m*  [0m] A start job is running for LSB: App... initialization (13s / no limit)[K[  [0;31m*[0;1;31m*[0m[0;31m* [0m] A start job is running for LSB: App... initialization (14s / no limit)[K[   [0;31m*[0;1;31m*[0m[0;31m*[0m] A start job is running for LSB: App... initialization (14s / no limit)[K[    [0;31m*[0;1;31m*[0m] A start job is running for LSB: App... initialization (15s / no limit)[K[     [0;31m*[0m] A start job is running for LSB: App... initialization (16s / no limit)[K[    [0;31m*[0;1;31m*[0m] A start job is running for LSB: App... initialization (16s / no limit)[K[   [0;31m*[0;1;31m*[0m[0;31m*[0m] A start job is running for LSB: App... initialization (17s / no limit)[K[  [0;31m*[0;1;31m*[0m[0;31m* [0m] A start job is running for LSB: App... initialization (17s / no limit)[K[ [0;31m*[0;1;31m*[0m[0;31m*  [0m] A start job is running for LSB: App... initialization (18s / no limit)[K[[0;31m*[0;1;31m*[0m[0;31m*   [0m] A start job is running for LSB: App... initialization (19s / no limit)[K[[0;1;31m*[0m[0;31m*    [0m] A start job is running for LSB: App... initialization (19s / no limit)[K[[0m[0;31m*     [0m] A start job is running for LSB: App... initialization (20s / no limit)[K[[0;1;31m*[0m[0;31m*    [0m] A start job is running for LSB: App... initialization (21s / no limit)[K[[0;31m*[0;1;31m*[0m[0;31m*   [0m] A start job is running for LSB: App... initialization (21s / no limit)[K[ [0;31m*[0;1;31m*[0m[0;31m*  [0m] A start job is running for LSB: App... initialization (22s / no limit)[K[  [0;31m*[0;1;31m*[0m[0;31m* [0m] A start job is running for LSB: App... initialization (23s / no limit)[K[   [0;31m*[0;1;31m*[0m[0;31m*[0m] A start job is running for LSB: App... initialization (24s / no limit)[K[    [0;31m*[0;1;31m*[0m] A start job is running for LSB: App... initialization (24s / no limit)[K[     [0;31m*[0m] A start job is running for LSB: App... initialization (25s / no limit)[K[    [0;31m*[0;1;31m*[0m] A start job is running for LSB: App... initialization (26s / no limit)[K[   [0;31m*[0;1;31m*[0m[0;31m*[0m] A start job is running for LSB: App... initialization (26s / no limit)[K[  [0;31m*[0;1;31m*[0m[0;31m* [0m] A start job is running for LSB: App... initialization (27s / no limit)[K[ [0;31m*[0;1;31m*[0m[0;31m*  [0m] A start job is running for LSB: App... initialization (28s / no limit)[K[[0;31m*[0;1;31m*[0m[0;31m*   [0m] A start job is running for LSB: App... initialization (28s / no limit)[K[[0;1;31m*[0m[0;31m*    [0m] A start job is running for LSB: App... initialization (29s / no limit)[K[[0m[0;31m*     [0m] A start job is running for LSB: App... initialization (30s / no limit)[K[[0;1;31m*[0m[0;31m*    [0m] A start job is running for LSB: App... initialization (30s / no limit)[K[[0;31m*[0;1;31m*[0m[0;31m*   [0m] A start job is running for LSB: App... initialization (31s / no limit)[K[ [0;31m*[0;1;31m*[0m[0;31m*  [0m] A start job is running for LSB: App... initialization (31s / no limit)[K[  [0;31m*[0;1;31m*[0m[0;31m* [0m] A start job is running for LSB: App... initialization (32s / no limit)[K[   [0;31m*[0;1;31m*[0m[0;31m*[0m] A start job is running for LSB: App... initialization (32s / no limit)[K[    [0;31m*[0;1;31m*[0m] A start job is running for LSB: App... initialization (33s / no limit)[K[     [0;31m*[0m] A start job is running for LSB: App... initialization (33s / no limit)[K[    [0;31m*[0;1;31m*[0m] A start job is running for LSB: App... initialization (34s / no limit)[K[   [0;31m*[0;1;31m*[0m[0;31m*[0m] A start job is running for LSB: App... initialization (34s / no limit)[K[  [0;31m*[0;1;31m*[0m[0;31m* [0m] A start job is running for LSB: App... initialization (35s / no limit)[K[ [0;31m*[0;1;31m*[0m[0;31m*  [0m] A start job is running for LSB: App... initialization (35s / no limit)[K[[0;31m*[0;1;31m*[0m[0;31m*   [0m] A start job is running for LSB: App... initialization (36s / no limit)[K[[0;32m  OK  [0m] Started LSB: AppArmor initialization.
[[0;32m  OK  [0m] Reached target System Initialization.
[[0;32m  OK  [0m] Listening on ACPID Listen Socket.
         Starting Socket activation for snappy daemon.
[[0;32m  OK  [0m] Started Daily apt activities.
[[0;32m  OK  [0m] Started ACPI Events Check.
[[0;32m  OK  [0m] Listening on UUID daemon activation socket.
[[0;32m  OK  [0m] Started Trigger resolvconf update for networkd DNS.
[[0;32m  OK  [0m] Reached target Paths.
[[0;32m  OK  [0m] Started Daily Cleanup of Temporary Directories.
[[0;32m  OK  [0m] Reached target Timers.
         Starting LXD - unix socket.
[[0;32m  OK  [0m] Listening on D-Bus System Message Bus Socket.
         Starting Raise network interfaces...
[[0;32m  OK  [0m] Started ifup for enp0s3.
[[0;32m  OK  [0m] Listening on Socket activation for snappy daemon.
[[0;32m  OK  [0m] Listening on LXD - unix socket.
[[0;32m  OK  [0m] Reached target Sockets.
[[0;32m  OK  [0m] Reached target Basic System.
         Starting LSB: Record successful boot for GRUB...
         Starting Login Service...
[[0;32m  OK  [0m] Started FUSE filesystem for LXC.
         Starting LSB: MD monitoring daemon...
         Starting vboxadd.service...
[[0;32m  OK  [0m] Started D-Bus System Message Bus.
         Starting vboxadd-x11.service...
         Starting System Logging Service...
         Starting Accounts Service...
         Starting LXD - container startup/shutdown...
[[0;32m  OK  [0m] Started ACPI event daemon.
[[0;32m  OK  [0m] Started Deferred execution scheduler.
[[0;32m  OK  [0m] Started Regular background program processing daemon.
[[0;32m  OK  [0m] Started System Logging Service.
[[0;32m  OK  [0m] Started vboxadd.service.
[[0;32m  OK  [0m] Started vboxadd-x11.service.
[[0;32m  OK  [0m] Started LXD - container startup/shutdown.
[[0;32m  OK  [0m] Started LSB: Record successful boot for GRUB.
[[0;32m  OK  [0m] Started LSB: MD monitoring daemon.
[[0;32m  OK  [0m] Started Login Service.
         Starting Authenticate and Authorize Users to Run Privileged Tasks...
         Starting vboxadd-service.service...
[[0;32m  OK  [0m] Started vboxadd-service.service.
[[0;32m  OK  [0m] Started Authenticate and Authorize Users to Run Privileged Tasks.
[[0;32m  OK  [0m] Started Accounts Service.
[[0;32m  OK  [0m] Started Raise network interfaces.
         Starting Initial cloud-init job (metadata service crawler)...
[[0;32m  OK  [0m] Reached target Network.
[   56.864416] cloud-init[1075]: Cloud-init v. 0.7.7 running 'init' at Tue, 28 Jun 2016 16:21:47 +0000. Up 56.41 seconds.
[   56.940554] cloud-init[1075]: ci-info: +++++++++++++++++++++++++++++++++++++Net device info++++++++++++++++++++++++++++++++++++++
[   56.941146] cloud-init[1075]: ci-info: +--------+------+----------------------------+---------------+-------+-------------------+
[[0;32m  OK  [0m] Started Initial cloud-init job (metadata service crawler).
[   56.941278] cloud-init[1075]: ci-info: | Device |  Up  |          Address           |      Mask     | Scope |     Hw-Address    |
[   57.248423] cloud-init[1075]: ci-info: +--------+------+----------------------------+---------------+-------+-------------------+
[[0;32m  OK  [0m] Reached target Cloud-config availability.
[[   57.249343] cloud-init[1075]: ci-info: |   lo   | True |         127.0.0.1          |   255.0.0.0   |   .   |         .         |
[   57.397598] cloud-init[1075]: ci-info: |   lo   | True |          ::1/128           |       .       |  host |         .         |
[0;32m  OK  [0m] Reached target Network is Online.
[   57.397688] cloud-init[1075]: ci-info: | enp0s3 | True |         10.0.2.15          | 255.255.255.0 |   .   | 02:f9:5a:60:c5:89 |
         [   57.720516] Starting Apply the settings specified in cloud-config...cloud-init
[1075]: ci-info: | enp0s3 | True | fe80::f9:5aff:fe60:c589/64 |       .       |  link | 02:f9:5a:60:c5:89 |
[   57.812554] cloud-init[1075]: ci-info: +--------+------+----------------------------+---------------+-------+-------------------+
         Starting /etc/rc.local Compatibility...
[   57.911178] cloud-init[1075]: ci-info: +++++++++++++++++++++++++++Route IPv4 info++++++++++++++++++++++++++++
[   57.992411] cloud-init[1075]: ci-info: +-------+-------------+----------+---------------+-----------+-------+
         Starting iSCSI initiator daemon (iscsid)...
[   58.057118] cloud-init[1075]: ci-info: | Route | Destination | Gateway  |    Genmask    | Interface | Flags |
         Starting OpenBSD Secure Shell server...
[[0;32m  OK  [0m] Started OpenBSD Secure Shell server.
[   58.171165] cloud-init[1075]: ci-info: +-------+-------------+----------+---------------+-----------+-------+
[   58.314580] cloud-init[1075]: ci-info: |   0   |   0.0.0.0   | 10.0.2.2 |    0.0.0.0    |   enp0s3  |   UG  |
[   58.314962] cloud-init[1075]: ci-info: |   1   |   10.0.2.0  | 0.0.0.0  | 255.255.255.0 |   enp0s3  |   U   |
[[0;32m  OK  [0m] Started Apply the settings specified in cloud-config.
[   58.315154] cloud-init[1075]: ci-info: +-------+-------------+----------+---------------+-----------+-------+
[[0;32m  OK  [0m] Started /etc/rc.local Compatibility.
[   58.609399] cloud-init[1122]: Cloud-init v. 0.7.7 running 'modules:config' at Tue, 28 Jun 2016 16:21:49 +0000. Up 58.05 seconds.
[[0;32m  OK  [0m] Started iSCSI initiator daemon (iscsid).
         Starting Login to default iSCSI targets...
         Starting Execute cloud user/final scripts...
[[0;32m  OK  [0m] Started Login to default iSCSI targets.
[[0;32m  OK  [0m] Reached target Remote File Systems (Pre).
[[0;32m  OK  [0m] Reached target Remote File Systems.
         Starting LSB: daemon to balance interrupts for SMP systems...
         Starting LSB: Set the CPU Frequency Scaling governor to "ondemand"...
         Starting Permit User Sessions...
         Starting LSB: automatic crash report generation...
[[0;32m  OK  [0m] Started Permit User Sessions.
         Starting Terminate Plymouth Boot Screen...
         Starting Hold until boot process finishes up...
[[0;32m  OK  [0m] Started LSB: daemon to balance interrupts for SMP systems.
[[0;32m  OK  [0m] Started LSB: Set the CPU Frequency Scaling governor to "ondemand".
[[0;32m  OK  [0m] Started Terminate Plymouth Boot Screen.
[[0;32m  OK  [0m] Started Hold until boot process finishes up.
[[0;32m  OK  [0m] Started Execute cloud user/final scripts.
[   59.344301] cloud-init[1156]: Cloud-init v. 0.7.7 running 'modules:final' at Tue, 28 Jun 2016 16:21:50 +0000. Up 59.26 seconds.
[   59.541126] cloud-init[1156]: Cloud-init v. 0.7.7 finished at Tue, 28 Jun 2016 16:21:50 +0000. Datasource DataSourceNoCloudNet [seed=/dev/sdb][dsmode=net].  Up 59.33 seconds
[[0;32m  OK  [0m] Created slice User Slice of ubuntu.
         Starting User Manager for UID 1000...
[[0;32m  OK  [0m] Started Session 1 of user ubuntu.
[[0;32m  OK  [0m] Reached target Cloud-init target.
[[0;32m  OK  [0m] Started Getty on tty1.
[[0;32m  OK  [0m] Started Serial Getty on ttyS0.
[[0;32m  OK  [0m] Reached target Login Prompts.
[[0;32m  OK  [0m] Started User Manager for UID 1000.
[[0;32m  OK  [0m] Started LSB: automatic crash report generation.
[[0;32m  OK  [0m] Reached target Multi-User System.
[[0;32m  OK  [0m] Reached target Graphical Interface.
         Starting Update UTMP about System Runlevel Changes...
[[0;32m  OK  [0m] Started Update UTMP about System Runlevel Changes.

Ubuntu 16.04 LTS ubuntu-xenial ttyS0

ubuntu-xenial login: 